// Jest Snapshot v1, https://goo.gl/fbAQLP

exports[`Archive view renders archive on dom 1`] = `"<div class=\\"container\\"><h1>'s archived messages</h1><div class=\\"container\\"><div><div class=\\"message\\"><div><div>From: test () | Message: </div><div>To:  </div></div></div></div></div></div>"`;
