// Jest Snapshot v1, https://goo.gl/fbAQLP

exports[`Inbox view renders inbox on dom 1`] = `"<div class=\\"container\\"><h1>'s inbox</h1><button>Send new message</button><div class=\\"container\\"><div><div class=\\"message\\"><div><div>From: test () | Message: </div><div>To:  </div></div><div><button>Reply</button><button>Reply All</button><button>Delete</button></div></div><div class=\\"message\\"><div><div>From: test () | Message: </div><div>To:  </div></div><div><button>Reply</button><button>Reply All</button><button>Delete</button></div></div></div></div></div>"`;
